// Jest Snapshot v1, https://goo.gl/fbAQLP

exports[`BreadCrumbs test suite: primary 1`] = `
<nav
  aria-label="breadcrumb"
  className="MuiTypography-root MuiTypography-body1 MuiBreadcrumbs-root css-63vwl1-MuiTypography-root-MuiBreadcrumbs-root"
  data-cy="bredCrumbs"
>
  <ol
    className="MuiBreadcrumbs-ol css-4pdmu4-MuiBreadcrumbs-ol"
  >
    <li
      className="MuiBreadcrumbs-li"
    >
      <h3
        className="MuiTypography-root MuiTypography-subtitle1 css-rjc5iw-MuiTypography-root"
        data-cy="typography"
        style={
          {
            "alignItems": "center",
            "display": "flex",
          }
        }
      >
        PAGE
      </h3>
    </li>
  </ol>
</nav>
`;
