// Jest Snapshot v1, https://goo.gl/fbAQLP

exports[`Navigation/Menu Primary smoke-test 1`] = `
<button class="MuiButtonBase-root MuiButton-root MuiButton-contained MuiButton-containedPrimary MuiButton-sizeMedium MuiButton-containedSizeMedium MuiButton-disableElevation MuiButton-root MuiButton-contained MuiButton-containedPrimary MuiButton-sizeMedium MuiButton-containedSizeMedium MuiButton-disableElevation css-zddlty-MuiButtonBase-root-MuiButton-root"
        tabindex="0"
        type="button"
        data-cy="Menu"
>
  <span class="MuiButton-startIcon MuiButton-iconSizeMedium css-1d6wzja-MuiButton-startIcon">
    <svg class="MuiSvgIcon-root MuiSvgIcon-fontSizeMedium css-1wnp694-MuiSvgIcon-root"
         focusable="false"
         aria-hidden="true"
         viewbox="0 0 24 24"
         data-testid="MenuIcon"
         data-cy="Menu-icon"
    >
      <path d="M3 18h18v-2H3v2zm0-5h18v-2H3v2zm0-7v2h18V6H3z">
      </path>
    </svg>
  </span>
  Label
  <span class="MuiTouchRipple-root css-8je8zh-MuiTouchRipple-root">
  </span>
</button>
`;
