// Jest Snapshot v1, https://goo.gl/fbAQLP

exports[`Progress test suite: color 1`] = `
<div
  className="MuiBox-root css-rmz4vk"
>
  <span
    className="MuiCircularProgress-root MuiCircularProgress-indeterminate MuiCircularProgress-colorSuccess css-15u8j6q-MuiCircularProgress-root"
    data-cy="progress"
    role="progressbar"
    style={
      {
        "height": 40,
        "width": 40,
      }
    }
  >
    <svg
      className="MuiCircularProgress-svg css-1idz92c-MuiCircularProgress-svg"
      viewBox="22 22 44 44"
    >
      <circle
        className="MuiCircularProgress-circle MuiCircularProgress-circleIndeterminate css-176wh8e-MuiCircularProgress-circle"
        cx={44}
        cy={44}
        fill="none"
        r={20.2}
        strokeWidth={3.6}
        style={{}}
      />
    </svg>
  </span>
</div>
`;

exports[`Progress test suite: type 1`] = `
<div
  className="MuiBox-root css-70qvj9"
>
  <div
    className="MuiBox-root css-1bhivts"
  >
    <span
      className="MuiLinearProgress-root MuiLinearProgress-colorPrimary MuiLinearProgress-indeterminate css-eglki6-MuiLinearProgress-root"
      data-cy="progress"
      role="progressbar"
    >
      <span
        className="MuiLinearProgress-bar MuiLinearProgress-barColorPrimary MuiLinearProgress-bar1Indeterminate css-5ir5xx-MuiLinearProgress-bar1"
        style={{}}
      />
      <span
        className="MuiLinearProgress-bar MuiLinearProgress-barColorPrimary MuiLinearProgress-bar2Indeterminate css-1r8wrcl-MuiLinearProgress-bar2"
        style={{}}
      />
    </span>
  </div>
</div>
`;
